* Serpantinum - сборка serp-x   установщик v2.2.4-s3                               язык  RU  EN   F2
                                                                                                    
+ Проверка -- + Режим -- + Модули -- + Настройки -- + Итог -- + Установка -- * Готово               
                                                                                                    
+ Готово за 13 мин 48 с   сборка serp-x 2.2.4-s3                                                    
                                                                                                    
┌─ Установлено - 10 ─────────────────────────┐  ┌─ Обрати внимание ────────────────────────────────┐
│                                            │  │                                                  │
│ + Оболочка Serpantinum + база              │  │ - VPN (Xray) пропущен                            │
│ + Горячие клавиши                          │  │   добавить: serp-installer modules               │
│ + Цветные эмодзи                           │  │                                                  │
│ + Пипетка и заметки                        │  │ o Настроить позже:                               │
│ + Распознавание текста                     │  │   ИИ: Gemini, Виджет серверов, VPN (Xray)        │
│ + ИИ: Gemini                               │  │                                                  │
│ + Виджет серверов                          │  │ ~ Данные восстановлены                           │
│ + Commands                                 │  │   settings, 14 commands, 31 notes                │
│ + Примеры с видео (yt-dlp)                 │  │                                                  │
│ + Драйвер NVIDIA                           │  │ ! NVIDIA: нужна перезагрузка                     │
│                                            │  │                                                  │
└────────────────────────────────────────────┘  └──────────────────────────────────────────────────┘
                                                                                                    
┌─ Файлы ──────────────────────────────────────────────────────────────────────────────────────────┐
│ Лог     ~/.local/state/serpantinum-installer/logs/0712-1904.log                                  │
│ Бэкап   ~/serpantinum-backups/serpantinum-backup-2026-10-07.tar.zst                              │
│ Конфиг  ~/serpantinum-backups/my-setup.toml  (для быстрой переустановки)                         │
└──────────────────────────────────────────────────────────────────────────────────────────────────┘
                                                                                                    
 Перезагрузить (нужно для NVIDIA)   Запустить Hyprland   Выйти в консоль                            
                                                                                                    
                                                                                                    
                                                                                                    
 ^v  выбор   Enter  выполнить   L  лог   F2  язык / language                                        