* Serpantinum - сборка serp-x   установщик v2.2.4-s3                               язык  RU  EN   F2
                                                                                                    
+ Проверка -- + Режим -- + Модули -- + Настройки -- + Итог -- * Установка  -- o Готово              
                                                                                                    
Шаг 4 из 14  -  Горячие клавиши: установка                                                          
                                                                                                    
███████████████████████████████████████████████████░░░░░░░░░░░░░░░░░░░░░░░░░░░░░░░░░░░░░░░░░  56%   
прошло 05:17   осталось ~ 7 мин  (оценка уточняется по скорости сети)                               
                                                                                                    
┌─ Шаги ──────────────────────────────────────────┐  ┌─ Сейчас ────────────────────────────────────┐
│ + Бэкап твоих данных                       0:03 │  │                                             │
│ + Ключи pacman                             0:03 │  │ Горячие клавиши: установка...               │
│ + Программы оболочки (63 пакета)           0:03 │  │                                             │
│ | Горячие клавиши: установка                    │  │ Скачано 412 из 961 МиБ                      │
│ o Цветные эмодзи: установка              ~ 0:10 │  │ █████████████████░░░░░░░░░░░░░░░░░░░░░░░░   │
│ o Пипетка и заметки: установка           ~ 0:10 │  │ Скорость 11.2 МБ/с                          │
│ o Распознавание текста: установка        ~ 0:10 │  │ Файл pipewire-1:1.6.2-1-x86_64              │
│ o ИИ: Gemini: установка                  ~ 0:10 │  │                                             │
│ o Виджет серверов: установка             ~ 0:10 │  │ Можно отойти: вопросов больше не будет.     │
│ o VPN (Xray): установка                  ~ 0:10 │  │ Если пропадёт свет - запусти снова,         │
│ o Commands: установка                    ~ 0:10 │  │ продолжу с этого шага.                      │
│ o Примеры с видео (yt-dlp): установка    ~ 0:10 │  │ Лог:                                        │
└─────────────────────────────────────────────────┘  └─────────────────────────────────────────────┘
┌─ Лог  (L - скрыть, стрелки - листать) ───────────────────────────────────────────────────────────┐
│ 19:09:12 engine  (24/63) checking keys in keyring                                                │
│ 19:09:13 pacman  qt6-declarative-6.10.1-1-x86_64   12.4 MiB  11.6 MiB/s 00:01 [####] 100%        │
│ 19:09:14 pacman  pipewire-1:1.6.2-1-x86_64   2.1 MiB  11.4 MiB/s 00:00 [####] 100%               │
│ 19:09:15 engine  eta: download 441 MiB / 11.5 MB/s = 38 s                                        │
│ 19:09:16 pacman  pipewire-pulse-1:1.6.2-1-x86_64   18.3 KiB   ...                                │
│                                                                                                  │
└──────────────────────────────────────────────────────────────────────────────────────────────────┘
 L  скрыть лог   Tab  фокус   p  пауза   q  прервать (безопасно)                                    