◆ Serpantinum · сборка serp-x   установщик v2.2.4-s3                               язык  RU  EN   F2
                                                                                                    
✓ Проверка ── ✓ Режим ── ●Модули ── ○ Настройки ── ○ Итог ── ○ Установка ── ○ Готово              
                                                                                                    
Набор:  1 Полный   2 Минимальный  3 Свой                                                          
                                                                                                    
╭─ Модули ───────────────────────────────────────────────╮  ╭─ Примеры с видео (yt-dlp) ───────────╮
│ ОБЯЗАТЕЛЬНО                                            │  │                                      │
│ [■] Оболочка Serpantinum + база        1.07 ГиБ 13 мин │  │ «Скачать видео по ссылке», «аудио из │
│ ВОЗМОЖНОСТИ СБОРКИ                                     │  │ ролика».                             │
│ [✓] Горячие клавиши                           —    2 с │  │                                      │
│ [✓] Цветные эмодзи                      9.0 МиБ    5 с │  │ Пакеты: yt-dlp                       │
│ [ ] Пипетка и заметки                         —    1 с │  │                                      │
│ [ ] Распознавание текста                 18 МиБ   10 с │  │                                      │
│ [ ] ИИ: Gemini                                —    1 с │  │                                      │
│ [ ] Виджет серверов                     1.4 МиБ    2 с │  ╰──────────────────────────────────────╯
│ [ ] VPN (Xray)                           15 МиБ   30 с │  ╭──────────────────────────────────────╮
│ [✓] Commands                                  —   авто │  │ Включено автоматически: Commands     │
│   [✓] └ Примеры с видео (yt-dlp)        5.0 МиБ    5 с │  │ (нужно для выбранного).              │
│ ИЗ UPSTREAM И СИСТЕМА                                  │  │                                      │
│ [ ] Драйвер NVIDIA (найдена видеокар…   350 МиБ  3 мин │  │                                      │
│ [ ] Экран входа SDDM                    2.0 МиБ   10 с │  │                                      │
│ [ ] Полный пак обоев                    300 МиБ  2 мин │  │                                      │
│                                                        │  ╰──────────────────────────────────────╯
│                                                        │  ╭─ Всего ──────────────────────────────╮
│                                                        │  │                                      │
│                                                        │  │ Скачать  1.09 ГиБ                    │
│                                                        │  │ На диске 3.16 ГиБ                    │
│                                                        │  │ Время    ≈ 15 мин                    │
│                                                        │  │ при 11 МБ/с                          │
╰────────────────────────────────────────────────────────╯  ╰──────────────────────────────────────╯
 ↑↓  выбор   Space  вкл/выкл   1 2 3  набор   Enter  далее   Esc  назад                             