◆ Serpantinum · сборка serp-x   установщик v2.2.4-s3                               язык  RU  EN   F2
                                                                                                    
✓ Проверка ── ✓ Режим ── ✓ Модули ── ✓ Настройки ── ●Итог ── ○ Установка ── ○ Готово              
                                                                                                    
Всё готово к установке. Дальше вопросов не будет - можно отойти.                                    
                                                                                                    
╭─ Будет установлено · 11 ───────────────────╮  ╭─ Настройки ──────────────────────────────────────╮
│                                            │  │                                                  │
│ ✓ Оболочка Serpantinum + база              │  │ Язык          русский                            │
│ ✓ Горячие клавиши                          │  │ Gemini        пропущено                          │
│ ✓ Цветные эмодзи                           │  │ Remnawave     пропущено                          │
│ ✓ Пипетка и заметки                        │  │ SSH-ключ      нет                                │
│ ✓ Распознавание текста                     │  │ VPN           пропущено                          │
│ ✓ ИИ: Gemini                               │  │ Заметки       ~/Notes                            │
│ ✓ Виджет серверов                          │  │ Commands      демон + примеры                    │
│ ✓ VPN (Xray)                               │  │                                                  │
│ ✓ Commands                                 │  │ Настроить позже:                                 │
│ ✓ Примеры с видео (yt-dlp)                 │  │   ИИ: Gemini, Виджет серверов, VPN (Xray)        │
│ ✓ Драйвер NVIDIA                           │  │                                                  │
╰────────────────────────────────────────────╯  ╰──────────────────────────────────────────────────╯
                                                                                                    
╭─ С правами root (sudo) изменю ───────────────────────────────╮  ╭─ Итого ──────────────────────╮  
│                                                              │  │                              │  
│ · Ключи pacman                                               │  │ Скачать  1.33 ГиБ            │  
│ · Программы оболочки (63 пакета)                             │  │ На диске 4.00 ГиБ            │  
│                                                              │  │ Время    ≈ 4 мин             │  
│                                                              │  │                              │  
╰──────────────────────────────────────────────────────────────╯  ╰──────────────────────────────╯  
                                                                                                    
 ← Назад  Начать установку                                                                        
                                                                                                    
 Enter  начать   Esc  назад и поправить   e  сохранить как my-setup.toml   F2  язык / language      