◆ Serpantinum · сборка serp-x   установщик v2.2.4-s3                               язык  RU  EN   F2
                                                                                                    
✓ Проверка ── ✓ Режим ── ✓ Модули ── ✓ Настройки ── ✓ Итог ── ●Установка ── ○ Готово              
                                                                                                    
Шаг 4 из 14  ·  Горячие клавиши: установка                                                          
                                                                                                    
███████████████████████████████████████████████████▊░░░░░░░░░░░░░░░░░░░░░░░░░░░░░░░░░░░░░░░░  56%   
прошло 05:1╭─ Не получилось ────────────────────────────────────────────────────────────╮           
           │                                                                            │           
╭─ Шаги ───│ ✗ Шаг не удался: VPN (Xray): установка                                     │──────────╮
│ ✓ Бэкап т│                                                                            │          │
│ ✓ Ключи p│ Что делал: VPN (Xray): установка.                                          │          │
│ ✓ Програм│ Что случилось: нет ответа от сети. Похоже на сеть, а не на ошибку в        │          │
│ ⠋ Горячие│ системе.                                                                   │          │
│ ○ Цветные│                                                                            │░░░░░░░   │
│ ○ Пипетка│ ==> Starting build()...                                                    │          │
│ ○ Распозн│ go: downloading github.com/xtls/reality v0.0.0-2026                        │          │
│ ○ ИИ: Gem│ dial tcp: lookup proxy.golang.org: i/o timeout                             │          │
│ ○ Виджет │ ==> ERROR: A failure occurred in build(). Aborting...                      │удет.     │
│ ✗ VPN (Xr│                                                                            │,         │
│ ○ Command│ Варианты:                                                                  │          │
│ ○ Примеры│ Повторить ─ ещё раз (бывает, помогает через минуту)                        │          │
╰──────────│ Пропустить VPN (Xray) ─ доустановлю остальное; VPN (Xray) добавишь позже   │──────────╯
╭─ Лог  (L │ Прервать ─ ничего не сломается, повторный запуск продолжит                 │──────────╮
│ 19:09:12 │                                                                            │          │
│ 19:09:13 │ Повторить  Пропустить VPN (Xray)   Прервать     L  весь лог              │0%        │
│ 19:09:14 │                                                                            │          │
│ 19:09:15 ╰────────────────────────────────────────────────────────────────────────────╯          │
│ 19:09:16 pacman  pipewire-pulse-1:1.6.2-1-x86_64   18.3 KiB   ...                                │
│ 19:09:17 engine  FAILED: dial tcp: lookup proxy.golang.org: i/o timeout                          │
╰──────────────────────────────────────────────────────────────────────────────────────────────────╯
 Tab  выбор кнопки   Enter  выполнить   L  весь лог                                                 